[    0.000000] Initializing cgroup subsys cpuset
[    0.000000] Initializing cgroup subsys cpu
[    0.000000] Initializing cgroup subsys cpuacct
[    0.000000] Linux version 4.4.0-174-generic (buildd@lcy01-amd64-027) (gcc version 5.4.0 20160609 (Ubuntu 5.4.0-6ubuntu1~16.04.12) ) #204-Ubuntu SMP Wed Jan 29 06:41:01 UTC 2020 (Ubuntu 4.4.0-174.204-generic 4.4.211)
[    0.000000] Command line: BOOT_IMAGE=/boot/vmlinuz-4.4.0-174-generic root=LABEL=cloudimg-rootfs ro console=tty1 console=ttyS0
[    0.000000] KERNEL supported cpus:
[    0.000000]   Intel GenuineIntel
[    0.000000]   AMD AuthenticAMD
[    0.000000]   Centaur CentaurHauls
[    0.000000] x86/fpu: xstate_offset[2]:  576, xstate_sizes[2]:  256
[    0.000000] x86/fpu: Supporting XSAVE feature 0x01: 'x87 floating point registers'
[    0.000000] x86/fpu: Supporting XSAVE feature 0x02: 'SSE registers'
[    0.000000] x86/fpu: Supporting XSAVE feature 0x04: 'AVX registers'
[    0.000000] x86/fpu: Enabled xstate features 0x7, context size is 832 bytes, using 'standard' format.
[    0.000000] e820: BIOS-provided physical RAM map:
[    0.000000] BIOS-e820: [mem 0x0000000000000000-0x000000000009fbff] usable
[    0.000000] BIOS-e820: [mem 0x000000000009fc00-0x000000000009ffff] reserved
[    0.000000] BIOS-e820: [mem 0x00000000000f0000-0x00000000000fffff] reserved
[    0.000000] BIOS-e820: [mem 0x0000000000100000-0x000000007ffeffff] usable
[    0.000000] BIOS-e820: [mem 0x000000007fff0000-0x000000007fffffff] ACPI data
[    0.000000] BIOS-e820: [mem 0x00000000fec00000-0x00000000fec00fff] reserved
[    0.000000] BIOS-e820: [mem 0x00000000fee00000-0x00000000fee00fff] reserved
[    0.000000] BIOS-e820: [mem 0x00000000fffc0000-0x00000000ffffffff] reserved
[    0.000000] NX (Execute Disable) protection: active
[    0.000000] SMBIOS 2.5 present.
[    0.000000] Hypervisor detected: KVM
[    0.000000] Kernel/User page tables isolation: disabled
[    0.000000] e820: last_pfn = 0x7fff0 max_arch_pfn = 0x400000000
[    0.000000] MTRR: Disabled
[    0.000000] x86/PAT: MTRRs disabled, skipping PAT initialization too.
[    0.000000] CPU MTRRs all blank - virtualized system.
[    0.000000] x86/PAT: Configuration [0-7]: WB  WT  UC- UC  WB  WT  UC- UC  
[    0.000000] found SMP MP-table at [mem 0x0009fff0-0x0009ffff] mapped at [ffff88000009fff0]
[    0.000000] Scanning 1 areas for low memory corruption
[    0.000000] RAMDISK: [mem 0x362e0000-0x37167fff]
[    0.000000] ACPI: Early table checksum verification disabled
[    0.000000] ACPI: RSDP 0x00000000000E0000 000024 (v02 VBOX  )
[    0.000000] ACPI: XSDT 0x000000007FFF0030 00003C (v01 VBOX   VBOXXSDT 00000001 ASL  00000061)
[    0.000000] ACPI: FACP 0x000000007FFF00F0 0000F4 (v04 VBOX   VBOXFACP 00000001 ASL  00000061)
[    0.000000] ACPI: DSDT 0x000000007FFF0480 0022EA (v02 VBOX   VBOXBIOS 00000002 INTL 20100528)
[    0.000000] ACPI: FACS 0x000000007FFF0200 000040
[    0.000000] ACPI: FACS 0x000000007FFF0200 000040
[    0.000000] ACPI: APIC 0x000000007FFF0240 00006C (v02 VBOX   VBOXAPIC 00000001 ASL  00000061)
[    0.000000] ACPI: SSDT 0x000000007FFF02B0 0001CC (v01 VBOX   VBOXCPUT 00000002 INTL 20100528)
[    0.000000] No NUMA configuration found
[    0.000000] Faking a node at [mem 0x0000000000000000-0x000000007ffeffff]
[    0.000000] NODE_DATA(0) allocated [mem 0x7ffeb000-0x7ffeffff]
[    0.000000] kvm-clock: Using msrs 4b564d01 and 4b564d00
[    0.000000] kvm-clock: cpu 0, msr 0:7ffe3001, primary cpu clock
[    0.000000] kvm-clock: using sched offset of 3504266655 cycles
[    0.000000] clocksource: kvm-clock: mask: 0xffffffffffffffff max_cycles: 0x1cd42e4dffb, max_idle_ns: 881590591483 ns
[    0.000000] Zone ranges:
[    0.000000]   DMA      [mem 0x0000000000001000-0x0000000000ffffff]
[    0.000000]   DMA32    [mem 0x0000000001000000-0x000000007ffeffff]
[    0.000000]   Normal   empty
[    0.000000]   Device   empty
[    0.000000] Movable zone start for each node
[    0.000000] Early memory node ranges
[    0.000000]   node   0: [mem 0x0000000000001000-0x000000000009efff]
[    0.000000]   node   0: [mem 0x0000000000100000-0x000000007ffeffff]
[    0.000000] Initmem setup node 0 [mem 0x0000000000001000-0x000000007ffeffff]
[    0.000000] ACPI: PM-Timer IO Port: 0x4008
[    0.000000] IOAPIC[0]: apic_id 4, version 32, address 0xfec00000, GSI 0-23
[    0.000000] ACPI: INT_SRC_OVR (bus 0 bus_irq 0 global_irq 2 dfl dfl)
[    0.000000] ACPI: INT_SRC_OVR (bus 0 bus_irq 9 global_irq 9 low level)
[    0.000000] Using ACPI (MADT) for SMP configuration information
[    0.000000] smpboot: Allowing 4 CPUs, 0 hotplug CPUs
[    0.000000] PM: Registered nosave memory: [mem 0x00000000-0x00000fff]
[    0.000000] PM: Registered nosave memory: [mem 0x0009f000-0x0009ffff]
[    0.000000] PM: Registered nosave memory: [mem 0x000a0000-0x000effff]
[    0.000000] PM: Registered nosave memory: [mem 0x000f0000-0x000fffff]
[    0.000000] e820: [mem 0x80000000-0xfebfffff] available for PCI devices
[    0.000000] Booting paravirtualized kernel on KVM
[    0.000000] clocksource: refined-jiffies: mask: 0xffffffff max_cycles: 0xffffffff, max_idle_ns: 7645519600211568 ns
[    0.000000] setup_percpu: NR_CPUS:512 nr_cpumask_bits:512 nr_cpu_ids:4 nr_node_ids:1
[    0.000000] PERCPU: Embedded 33 pages/cpu @ffff88007fc00000 s95448 r8192 d31528 u524288
[    0.000000] Built 1 zonelists in Node order, mobility grouping on.  Total pages: 515960
[    0.000000] Policy zone: DMA32
[    0.000000] Kernel command line: BOOT_IMAGE=/boot/vmlinuz-4.4.0-174-generic root=LABEL=cloudimg-rootfs ro console=tty1 console=ttyS0
[    0.000000] PID hash table entries: 4096 (order: 3, 32768 bytes)
[    0.000000] Memory: 2029600K/2096696K available (8626K kernel code, 1336K rwdata, 4032K rodata, 1488K init, 1292K bss, 67096K reserved, 0K cma-reserved)
[    0.000000] SLUB: HWalign=64, Order=0-3, MinObjects=0, CPUs=4, Nodes=1
[    0.000000] Hierarchical RCU implementation.
[    0.000000] 	Build-time adjustment of leaf fanout to 64.
[    0.000000] 	RCU restricting CPUs from NR_CPUS=512 to nr_cpu_ids=4.
[    0.000000] RCU: Adjusting geometry for rcu_fanout_leaf=64, nr_cpu_ids=4
[    0.000000] NR_IRQS:33024 nr_irqs:456 16
[    0.000000] Console: colour VGA+ 80x25
[    0.000000] console [tty1] enabled
[    0.000000] console [ttyS0] enabled
[    0.000000] tsc: Detected 1800.003 MHz processor
[    0.236088] Calibrating delay loop (skipped) preset value.. 3600.00 BogoMIPS (lpj=7200012)
[    0.238890] pid_max: default: 32768 minimum: 301
[    0.240416] ACPI: Core revision 20150930
[    0.244921] ACPI: 2 ACPI AML tables successfully acquired and loaded
[    0.247724] Security Framework initialized
[    0.249076] Yama: becoming mindful.
[    0.250233] AppArmor: AppArmor initialized
[    0.252432] Dentry cache hash table entries: 262144 (order: 9, 2097152 bytes)
[    0.254806] Inode-cache hash table entries: 131072 (order: 8, 1048576 bytes)
[    0.257040] Mount-cache hash table entries: 4096 (order: 3, 32768 bytes)
[    0.259171] Mountpoint-cache hash table entries: 4096 (order: 3, 32768 bytes)
[    0.262347] Initializing cgroup subsys io
[    0.263834] Initializing cgroup subsys memory
[    0.265555] Initializing cgroup subsys devices
[    0.267557] Initializing cgroup subsys freezer
[    0.269860] Initializing cgroup subsys net_cls
[    0.271946] Initializing cgroup subsys perf_event
[    0.273635] Initializing cgroup subsys net_prio
[    0.275283] Initializing cgroup subsys hugetlb
[    0.276924] Initializing cgroup subsys pids
[    0.280145] mce: CPU supports 0 MCE banks
[    0.281832] Last level iTLB entries: 4KB 64, 2MB 8, 4MB 8
[    0.283558] Last level dTLB entries: 4KB 64, 2MB 0, 4MB 0, 1GB 4
[    0.285387] Spectre V1 : Mitigation: usercopy/swapgs barriers and __user pointer sanitization
[    0.288626] Spectre V2 : Mitigation: Full generic retpoline
[    0.290358] Spectre V2 : Spectre v2 / SpectreRSB mitigation: Filling RSB on context switch
[    0.293037] Speculative Store Bypass: Vulnerable
[    0.294746] MDS: Mitigation: Clear CPU buffers
[    0.300407] Freeing SMP alternatives memory: 36K
[    0.311305] ftrace: allocating 32305 entries in 127 pages
[    0.404824] smpboot: APIC(0) Converting physical 0 to logical package 0
[    0.406838] smpboot: Max logical packages: 1
[    0.408663] x2apic enabled
[    0.410117] Switched APIC routing to physical x2apic.
[    0.413525] ..TIMER: vector=0x30 apic1=0 pin1=2 apic2=-1 pin2=-1
[    0.523504] smpboot: CPU0: Intel(R) Core(TM) i5-8265U CPU @ 1.60GHz (family: 0x6, model: 0x8e, stepping: 0xb)
[    0.526350] Performance Events: unsupported p6 CPU model 142 no PMU driver, software events only.
[    0.538958] KVM setup paravirtual spinlock
[    0.540966] x86: Booting SMP configuration:
[    0.542236] .... node  #0, CPUs:      #1
[    0.543649] kvm-clock: cpu 1, msr 0:7ffe3041, secondary cpu clock
[    0.546183] mce: CPU supports 0 MCE banks
[    0.549059]  #2
[    0.549787] kvm-clock: cpu 2, msr 0:7ffe3081, secondary cpu clock
[    0.552675] mce: CPU supports 0 MCE banks
[    0.555755]  #3
[    0.556486] kvm-clock: cpu 3, msr 0:7ffe30c1, secondary cpu clock
[    0.559125] mce: CPU supports 0 MCE banks
[    0.562037] x86: Booted up 1 node, 4 CPUs
[    0.563755] smpboot: Total of 4 processors activated (14400.02 BogoMIPS)
[    0.566467] devtmpfs: initialized
[    0.569277] evm: security.selinux
[    0.570433] evm: security.SMACK64
[    0.571579] evm: security.SMACK64EXEC
[    0.573094] evm: security.SMACK64TRANSMUTE
[    0.574501] evm: security.SMACK64MMAP
[    0.576017] evm: security.ima
[    0.577332] evm: security.capability
[    0.579269] clocksource: jiffies: mask: 0xffffffff max_cycles: 0xffffffff, max_idle_ns: 7645041785100000 ns
[    0.582425] futex hash table entries: 1024 (order: 4, 65536 bytes)
[    0.585253] pinctrl core: initialized pinctrl subsystem
[    0.587151] RTC time: 16:53:00, date: 03/18/20
[    0.594705] NET: Registered protocol family 16
[    0.610102] cpuidle: using governor ladder
[    0.626021] cpuidle: using governor menu
[    0.628457] PCCT header not found.
[    0.630671] ACPI: bus type PCI registered
[    0.633001] acpiphp: ACPI Hot Plug PCI Controller Driver version: 0.5
[    0.647119] PCI: Using configuration type 1 for base access
[    0.662606] ACPI: Added _OSI(Module Device)
[    0.663740] ACPI: Added _OSI(Processor Device)
[    0.664936] ACPI: Added _OSI(3.0 _SCP Extensions)
[    0.666049] ACPI: Added _OSI(Processor Aggregator Device)
[    0.667922] ACPI: Executed 1 blocks of module-level executable AML code
[    0.671678] ACPI: Interpreter enabled
[    0.672663] ACPI: (supports S0 S5)
[    0.673898] ACPI: Using IOAPIC for interrupt routing
[    0.675295] PCI: Using host bridge windows from ACPI; if necessary, use "pci=nocrs" and report a bug
[    0.681812] ACPI: PCI Root Bridge [PCI0] (domain 0000 [bus 00-ff])
[    0.683358] acpi PNP0A03:00: _OSC: OS supports [ASPM ClockPM Segments MSI]
[    0.685516] acpi PNP0A03:00: _OSC: not requesting OS control; OS requires [ExtendedConfig ASPM ClockPM MSI]
[    0.688179] acpi PNP0A03:00: fail to add MMCONFIG information, can't access extended PCI configuration space under this bridge.
[    0.691553] PCI host bridge to bus 0000:00
[    0.692866] pci_bus 0000:00: root bus resource [io  0x0000-0x0cf7 window]
[    0.694723] pci_bus 0000:00: root bus resource [io  0x0d00-0xffff window]
[    0.696597] pci_bus 0000:00: root bus resource [mem 0x000a0000-0x000bffff window]
[    0.698926] pci_bus 0000:00: root bus resource [mem 0x80000000-0xfdffffff window]
[    0.701424] pci_bus 0000:00: root bus resource [bus 00-ff]
[    0.705501] pci 0000:00:01.1: legacy IDE quirk: reg 0x10: [io  0x01f0-0x01f7]
[    0.707626] pci 0000:00:01.1: legacy IDE quirk: reg 0x14: [io  0x03f6]
[    0.709661] pci 0000:00:01.1: legacy IDE quirk: reg 0x18: [io  0x0170-0x0177]
[    0.711686] pci 0000:00:01.1: legacy IDE quirk: reg 0x1c: [io  0x0376]
[    0.755943] pci 0000:00:07.0: quirk: [io  0x4000-0x403f] claimed by PIIX4 ACPI
[    0.757991] pci 0000:00:07.0: quirk: [io  0x4100-0x410f] claimed by PIIX4 SMB
[    0.767847] ACPI: PCI Interrupt Link [LNKA] (IRQs 5 9 10 *11)
[    0.770436] ACPI: PCI Interrupt Link [LNKB] (IRQs 5 9 *10 11)
[    0.772895] ACPI: PCI Interrupt Link [LNKC] (IRQs 5 *9 10 11)
[    0.775523] ACPI: PCI Interrupt Link [LNKD] (IRQs 5 9 10 *11)
[    0.778097] ACPI: Enabled 2 GPEs in block 00 to 07
[    0.780172] vgaarb: setting as boot device: PCI:0000:00:02.0
[    0.781908] vgaarb: device added: PCI:0000:00:02.0,decodes=io+mem,owns=io+mem,locks=none
[    0.784480] vgaarb: loaded
[    0.785575] vgaarb: bridge control possible 0000:00:02.0
[    0.787536] SCSI subsystem initialized
[    0.789067] ACPI: bus type USB registered
[    0.790512] usbcore: registered new interface driver usbfs
[    0.792350] usbcore: registered new interface driver hub
[    0.794070] usbcore: registered new device driver usb
[    0.796104] PCI: Using ACPI for IRQ routing
[    0.797998] NetLabel: Initializing
[    0.799387] NetLabel:  domain hash size = 128
[    0.801043] NetLabel:  protocols = UNLABELED CIPSOv4
[    0.802703] NetLabel:  unlabeled traffic allowed by default
[    0.804657] amd_nb: Cannot enumerate AMD northbridges
[    0.806547] clocksource: Switched to clocksource kvm-clock
[    0.817119] AppArmor: AppArmor Filesystem Enabled
[    0.818922] pnp: PnP ACPI init
[    0.821451] pnp: PnP ACPI: found 3 devices
[    0.836686] clocksource: acpi_pm: mask: 0xffffff max_cycles: 0xffffff, max_idle_ns: 2085701024 ns
[    0.839609] NET: Registered protocol family 2
[    0.841293] TCP established hash table entries: 16384 (order: 5, 131072 bytes)
[    0.843958] TCP bind hash table entries: 16384 (order: 6, 262144 bytes)
[    0.846003] TCP: Hash tables configured (established 16384 bind 16384)
[    0.848797] UDP hash table entries: 1024 (order: 3, 32768 bytes)
[    0.850707] UDP-Lite hash table entries: 1024 (order: 3, 32768 bytes)
[    0.852774] NET: Registered protocol family 1
[    0.854305] pci 0000:00:00.0: Limiting direct PCI/PCI transfers
[    0.856342] pci 0000:00:01.0: Activating ISA DMA hang workarounds
[    0.858545] Unpacking initramfs...
[    1.132435] Freeing initrd memory: 14880K
[    1.133955] clocksource: tsc: mask: 0xffffffffffffffff max_cycles: 0x19f22c73312, max_idle_ns: 440795259572 ns
[    1.137130] platform rtc_cmos: registered platform RTC device (no PNP device found)
[    1.139731] Scanning for low memory corruption every 60 seconds
[    1.142270] audit: initializing netlink subsys (disabled)
[    1.144039] audit: type=2000 audit(1584550385.406:1): initialized
[    1.146189] Initialise system trusted keyring
[    1.147995] HugeTLB registered 2 MB page size, pre-allocated 0 pages
[    1.151588] zbud: loaded
[    1.153187] VFS: Disk quotas dquot_6.6.0
[    1.154591] VFS: Dquot-cache hash table entries: 512 (order 0, 4096 bytes)
[    1.156952] squashfs: version 4.0 (2009/01/31) Phillip Lougher
[    1.159197] fuse init (API version 7.23)
[    1.160814] Key type big_key registered
[    1.162171] Allocating IMA MOK and blacklist keyrings.
[    1.166960] Key type asymmetric registered
[    1.168321] Asymmetric key parser 'x509' registered
[    1.169803] Block layer SCSI generic (bsg) driver version 0.4 loaded (major 249)
[    1.172371] io scheduler noop registered
[    1.173690] io scheduler deadline registered (default)
[    1.175369] io scheduler cfq registered
[    1.176770] pci_hotplug: PCI Hot Plug PCI Core version: 0.5
[    1.178437] pciehp: PCI Express Hot Plug Controller Driver version: 0.4
[    1.180565] ACPI: AC Adapter [AC] (on-line)
[    1.182237] input: Power Button as /devices/LNXSYSTM:00/LNXPWRBN:00/input/input0
[    1.184657] ACPI: Power Button [PWRF]
[    1.186047] input: Sleep Button as /devices/LNXSYSTM:00/LNXSLPBN:00/input/input1
[    1.188511] ACPI: Sleep Button [SLPF]
[    1.190075] GHES: HEST is not enabled!
[    1.191043] ACPI: Battery Slot [BAT0] (battery present)
[    1.193239] Serial: 8250/16550 driver, 32 ports, IRQ sharing enabled
[    1.215883] 00:02: ttyS0 at I/O 0x3f8 (irq = 4, base_baud = 115200) is a 16550A
[    1.222028] Linux agpgart interface v0.103
[    1.226558] loop: module loaded
[    1.228412] scsi host0: ata_piix
[    1.229697] scsi host1: ata_piix
[    1.230857] ata1: PATA max UDMA/33 cmd 0x1f0 ctl 0x3f6 bmdma 0xd000 irq 14
[    1.233047] ata2: PATA max UDMA/33 cmd 0x170 ctl 0x376 bmdma 0xd008 irq 15
[    1.235036] libphy: Fixed MDIO Bus: probed
[    1.236365] tun: Universal TUN/TAP device driver, 1.6
[    1.237818] tun: (C) 1999-2004 Max Krasnyansky <maxk@qualcomm.com>
[    1.239687] PPP generic driver version 2.4.2
[    1.241219] ehci_hcd: USB 2.0 'Enhanced' Host Controller (EHCI) Driver
[    1.243086] ehci-pci: EHCI PCI platform driver
[    1.244529] ehci-platform: EHCI generic platform driver
[    1.246125] ohci_hcd: USB 1.1 'Open' Host Controller (OHCI) Driver
[    1.248039] ohci-pci: OHCI PCI platform driver
[    1.249474] ohci-platform: OHCI generic platform driver
[    1.251082] uhci_hcd: USB Universal Host Controller Interface driver
[    1.253083] i8042: PNP: PS/2 Controller [PNP0303:PS2K,PNP0f03:PS2M] at 0x60,0x64 irq 1,12
[    1.256288] serio: i8042 KBD port at 0x60,0x64 irq 1
[    1.257849] serio: i8042 AUX port at 0x60,0x64 irq 12
[    1.259747] mousedev: PS/2 mouse device common for all mice
[    1.261947] input: AT Translated Set 2 keyboard as /devices/platform/i8042/serio0/input/input2
[    1.265265] rtc_cmos rtc_cmos: rtc core: registered rtc_cmos as rtc0
[    1.267186] rtc_cmos rtc_cmos: alarms up to one day, 114 bytes nvram
[    1.269034] i2c /dev entries driver
[    1.270341] device-mapper: uevent: version 1.0.3
[    1.272050] device-mapper: ioctl: 4.34.0-ioctl (2015-10-28) initialised: dm-devel@redhat.com
[    1.274821] ledtrig-cpu: registered to indicate activity on CPUs
[    1.277641] NET: Registered protocol family 10
[    1.279478] NET: Registered protocol family 17
[    1.280971] Key type dns_resolver registered
[    1.283518] registered taskstats version 1
[    1.284939] Loading compiled-in X.509 certificates
[    1.287185] Loaded X.509 cert 'Build time autogenerated kernel key: 2501974cc66248a18f8fa54aaac948a5171f77fb'
[    1.290288] zswap: loaded using pool lzo/zbud
[    1.294094] Key type trusted registered
[    1.299630] Key type encrypted registered
[    1.300883] AppArmor: AppArmor sha1 policy hashing enabled
[    1.302391] ima: No TPM chip found, activating TPM-bypass!
[    1.304014] ima: Allocated hash algorithm: sha1
[    1.305486] evm: HMAC attrs: 0x1
[    1.307175]   Magic number: 12:370:894
[    1.308607] rtc_cmos rtc_cmos: setting system clock to 2020-03-18 16:53:00 UTC (1584550380)
[    1.311414] BIOS EDD facility v0.16 2004-Jun-25, 0 devices found
[    1.313152] EDD information not available.
[    1.393154] Freeing unused kernel memory: 1488K
[    1.396078] Write protecting the kernel read-only data: 14336k
[    1.401665] Freeing unused kernel memory: 1604K
[    1.405062] Freeing unused kernel memory: 64K
Loading, please wait...
starting version 229
[    1.430844] random: systemd-udevd: uninitialized urandom read (16 bytes read, 3 bits of entropy available)
[    1.431511] random: udevadm: uninitialized urandom read (16 bytes read, 3 bits of entropy available)
[    1.431526] random: udevadm: uninitialized urandom read (16 bytes read, 3 bits of entropy available)
[    1.441250] random: udevadm: uninitialized urandom read (16 bytes read, 3 bits of entropy available)
[    1.441297] random: udevadm: uninitialized urandom read (16 bytes read, 3 bits of entropy available)
[    1.441571] random: udevadm: uninitialized urandom read (16 bytes read, 3 bits of entropy available)
[    1.441615] random: udevadm: uninitialized urandom read (16 bytes read, 3 bits of entropy available)
[    1.441669] random: udevadm: uninitialized urandom read (16 bytes read, 3 bits of entropy available)
[    1.441730] random: udevadm: uninitialized urandom read (16 bytes read, 3 bits of entropy available)
[    1.441789] random: udevadm: uninitialized urandom read (16 bytes read, 3 bits of entropy available)
[    1.501771] Fusion MPT base driver 3.04.20
[    1.504037] Copyright (c) 1999-2008 LSI Corporation
[    1.516439] Fusion MPT SPI Host driver 3.04.20
[    1.522018] mptbase: ioc0: Initiating bringup
[    1.537093] e1000: Intel(R) PRO/1000 Network Driver - version 7.3.21-k8-NAPI
[    1.540051] e1000: Copyright (c) 1999-2006 Intel Corporation.
[    1.543200] AVX2 version of gcm_enc/dec engaged.
[    1.545725] AES CTR mode by8 optimization enabled
[    1.603897] ioc0: LSI53C1030 A0: Capabilities={Initiator}
[    1.717609] input: ImExPS/2 Generic Explorer Mouse as /devices/platform/i8042/serio1/input/input4
[    3.341340] scsi host2: ioc0: LSI53C1030 A0, FwRev=00000000h, Ports=1, MaxQ=256, IRQ=20
[    3.691803] scsi 2:0:0:0: Direct-Access     VBOX     HARDDISK         1.0  PQ: 0 ANSI: 5
[    3.698366] scsi target2:0:0: Beginning Domain Validation
[    3.707665] scsi target2:0:0: Domain Validation skipping write tests
[    3.712078] scsi target2:0:0: Ending Domain Validation
[    3.715777] scsi target2:0:0: asynchronous
[    3.720557] scsi 2:0:1:0: Direct-Access     VBOX     HARDDISK         1.0  PQ: 0 ANSI: 5
[    3.726328] scsi target2:0:1: Beginning Domain Validation
[    3.735026] scsi target2:0:1: Domain Validation skipping write tests
[    3.738296] scsi target2:0:1: Ending Domain Validation
[    3.740620] scsi target2:0:1: asynchronous
[    3.751817] sd 2:0:0:0: [sda] 167772160 512-byte logical blocks: (85.9 GB/80.0 GiB)
[    3.751865] sd 2:0:0:0: Attached scsi generic sg0 type 0
[    3.752412] sd 2:0:1:0: Attached scsi generic sg1 type 0
[    3.752708] sd 2:0:1:0: [sdb] 20480 512-byte logical blocks: (10.5 MB/10.0 MiB)
[    3.752916] sd 2:0:1:0: [sdb] Write Protect is off
[    3.753052] sd 2:0:1:0: [sdb] Incomplete mode parameter data
[    3.753054] sd 2:0:1:0: [sdb] Assuming drive cache: write through
[    3.761491] sd 2:0:1:0: [sdb] Attached SCSI disk
[    3.782366] sd 2:0:0:0: [sda] Write Protect is off
[    3.784369] sd 2:0:0:0: [sda] Incomplete mode parameter data
[    3.786377] sd 2:0:0:0: [sda] Assuming drive cache: write through
[    3.790765]  sda: sda1
[    3.792685] sd 2:0:0:0: [sda] Attached SCSI disk
[    4.128152] e1000 0000:00:03.0 eth0: (PCI:33MHz:32-bit) 02:8b:bd:82:0d:ad
[    4.130555] e1000 0000:00:03.0 eth0: Intel(R) PRO/1000 Network Connection
[    4.133882] e1000 0000:00:03.0 enp0s3: renamed from eth0
Begin: Loading essential drivers ... [    6.068971] md: linear personality registered for level -1
[    6.073607] md: multipath personality registered for level -4
[    6.077882] md: raid0 personality registered for level 0
[    6.084570] md: raid1 personality registered for level 1
[    6.158822] raid6: sse2x1   gen()  7592 MB/s
[    6.226630] raid6: sse2x1   xor()  5469 MB/s
[    6.294964] raid6: sse2x2   gen()  7326 MB/s
[    6.362792] raid6: sse2x2   xor()  6149 MB/s
[    6.430631] raid6: sse2x4   gen() 10778 MB/s
[    6.498947] raid6: sse2x4   xor()  7541 MB/s
[    6.566748] raid6: avx2x1   gen() 15142 MB/s
[    6.635083] raid6: avx2x2   gen() 16976 MB/s
[    6.702916] raid6: avx2x4   gen() 19314 MB/s
[    6.704555] raid6: using algorithm avx2x4 gen() 19314 MB/s
[    6.706440] raid6: using avx2x2 recovery algorithm
[    6.709982] xor: automatically using best checksumming function:
[    6.750673]    avx       : 20107.000 MB/sec
[    6.753696] async_tx: api initialized (async)
[    6.769317] md: raid6 personality registered for level 6
[    6.770941] md: raid5 personality registered for level 5
[    6.772558] md: raid4 personality registered for level 4
[    6.782794] md: raid10 personality registered for level 10
done.
Begin: Running /scripts/init-premount ... done.
Begin: Mounting root file system ... Begin: Running /scripts/local-top ... done.
Begin: Running /scripts/local-premount ... [    6.819121] Btrfs loaded
Scanning for Btrfs filesystems
done.
Warning: fsck not present, so skipping root file system
[    6.855044] EXT4-fs (sda1): mounted filesystem with ordered data mode. Opts: (null)
done.
Begin: Running /scripts/local-bottom ... done.
Begin: Running /scripts/init-bottom ... done.
[    6.983432] systemd[1]: systemd 229 running in system mode. (+PAM +AUDIT +SELINUX +IMA +APPARMOR +SMACK +SYSVINIT +UTMP +LIBCRYPTSETUP +GCRYPT +GNUTLS +ACL +XZ -LZ4 +SECCOMP +BLKID +ELFUTILS +KMOD -IDN)
[    6.987165] systemd[1]: Detected virtualization oracle.
[    6.988447] systemd[1]: Detected architecture x86-64.

Welcome to [1mUbuntu 16.04.6 LTS[0m!

[    6.995017] systemd[1]: Set hostname to <ubuntu>.
[    7.001505] systemd[1]: Initializing machine ID from random generator.
[    7.003154] systemd[1]: Installed transient /etc/machine-id file.
[    7.142260] systemd[1]: Reached target User and Group Name Lookups.
[[0;32m  OK  [0m] Reached target User and Group Name Lookups.
[    7.144688] systemd[1]: Listening on Journal Socket (/dev/log).
[[0;32m  OK  [0m] Listening on Journal Socket (/dev/log).
[    7.155731] systemd[1]: Created slice System Slice.
[[0;32m  OK  [0m] Created slice System Slice.
[    7.157805] systemd[1]: Started Forward Password Requests to Wall Directory Watch.
[[0;32m  OK  [0m] Started Forward Password Requests to Wall Directory Watch.
[    7.167405] systemd[1]: Created slice User and Session Slice.
[[0;32m  OK  [0m] Created slice User and Session Slice.
[    7.169658] systemd[1]: Listening on /dev/initctl Compatibility Named Pipe.
[[0;32m  OK  [0m] Listening on /dev/initctl Compatibility Named Pipe.
[    7.172198] systemd[1]: Listening on udev Kernel Socket.
[[0;32m  OK  [0m] Listening on udev Kernel Socket.
[    7.179577] systemd[1]: Listening on LVM2 poll daemon socket.
[[0;32m  OK  [0m] Listening on LVM2 poll daemon socket.
[    7.181602] systemd[1]: Reached target Encrypted Volumes.
[[0;32m  OK  [0m] Reached target Encrypted Volumes.
[    7.183490] systemd[1]: Listening on LVM2 metadata daemon socket.
[[0;32m  OK  [0m] Listening on LVM2 metadata daemon socket.
[    7.191226] systemd[1]: Listening on Device-mapper event daemon FIFOs.
[[0;32m  OK  [0m] Listening on Device-mapper event daemon FIFOs.
[    7.193422] systemd[1]: Started Trigger resolvconf update for networkd DNS.
[[0;32m  OK  [0m] Started Trigger resolvconf update for networkd DNS.
[    7.202914] systemd[1]: Reached target Slices.
[[0;32m  OK  [0m] Reached target Slices.
[    7.204932] systemd[1]: Reached target System Time Synchronized.
[[0;32m  OK  [0m] Reached target System Time Synchronized.
[    7.215830] systemd[1]: Created slice system-serial\x2dgetty.slice.
[[0;32m  OK  [0m] Created slice system-serial\x2dgetty.slice.
[    7.218018] systemd[1]: Reached target Swap.
[[0;32m  OK  [0m] Reached target Swap.
[    7.219751] systemd[1]: Listening on Journal Socket.
[[0;32m  OK  [0m] Listening on Journal Socket.
[    7.239575] systemd[1]: Starting Monitoring of LVM2 mirrors, snapshots etc. using dmeventd or progress polling...
         Starting Monitoring of LVM2 mirrors... dmeventd or progress polling...
[    7.245763] systemd[1]: Starting Load Kernel Modules...
         Starting Load Kernel Modules...
[    7.248458] systemd[1]: Starting Uncomplicated firewall...
         Starting Uncomplicated firewall...
[    7.255352] systemd[1]: Starting Create list of required static device nodes for the current kernel...
         Starting Create list of required st... nodes for the current kernel...
[    7.261018] Loading iSCSI transport class v2.0-870.
[    7.267441] systemd[1]: Starting Set console keymap...
         Starting Set console keymap...
[    7.272182] iscsi: registered transport (tcp)
[    7.275339] systemd[1]: Mounting Debug File System...
         Mounting Debug File System...
[    7.283434] systemd[1]: Listening on Journal Audit Socket.
[[0;32m  OK  [0m] Listening on Journal Audit Socket.
[    7.294808] systemd[1]: Listening on Syslog Socket.
[[0;32m  OK  [0m] Listening on Syslog Socket.
[    7.315873] iscsi: registered transport (iser)
[    7.327584] systemd[1]: Starting Journal Service...
         Starting Journal Service...
[    7.332141] systemd[1]: Mounting Huge Pages File System...
         Mounting Huge Pages File System...
[    7.336817] systemd[1]: Starting Remount Root and Kernel File Systems...
         Starting Remount Root and Kernel File Systems...
[    7.341916] EXT4-fs (sda1): re-mounted. Opts: (null)
[    7.347724] systemd[1]: Mounting POSIX Message Queue File System...
         Mounting POSIX Message Queue File System...
[    7.358898] systemd[1]: Listening on udev Control Socket.
[[0;32m  OK  [0m] Listening on udev Control Socket.
[    7.367330] systemd[1]: Set up automount Arbitrary Executable File Formats File System Automount Point.
[[0;32m  OK  [0m] Set up automount Arbitrary Executab...ats File System Automount Point.
[    7.381219] systemd[1]: Starting Nameserver information manager...
         Starting Nameserver information manager...
[    7.386783] systemd[1]: Mounted Debug File System.
[[0;32m  OK  [0m] Mounted Debug File System.
[    7.389330] systemd[1]: Mounted POSIX Message Queue File System.
[[0;32m  OK  [0m] Mounted POSIX Message Queue File System.
[    7.398762] systemd[1]: Mounted Huge Pages File System.
[[0;32m  OK  [0m] Mounted Huge Pages File System.
[    7.407675] systemd[1]: Started Journal Service.
[[0;32m  OK  [0m] Started Journal Service.
[[0;32m  OK  [0m] Started Load Kernel Modules.
[[0;32m  OK  [0m] Started Uncomplicated firewall.
[[0;32m  OK  [0m] Started Create list of required sta...ce nodes for the current kernel.
[[0;32m  OK  [0m] Started Set console keymap.
[[0;32m  OK  [0m] Started Remount Root and Kernel File Systems.
[[0;32m  OK  [0m] Started Nameserver information manager.
[[0;32m  OK  [0m] Started LVM2 metadata daemon.
         Starting Load/Save Random Seed...
         Starting udev Coldplug all Devices...
         Starting Create Static Device Nodes in /dev...
         Mounting FUSE Control File System...
         Starting Apply Kernel Variables...
         Starting Flush Journal to Persistent Storage...
[[0;32m  OK  [0m] Mounted FUSE Control File System.
[[0;32m  OK  [0m] Started Load/Save Random Seed.
[[0;32m  OK  [0m] Started Apply Kernel Variables.
[[0;32m  OK  [0m] Started Create Static Device Nodes in /dev.
         Starting udev Kernel Device Manager...
[[0;32m  OK  [0m] Started Flush Journal to Persistent Storage.
[[0;32m  OK  [0m] Started udev Coldplug all Devices.
[[0;32m  OK  [0m] Started udev Kernel Device Manager.
[[0;32m  OK  [0m] Started Dispatch Password Requests to Console Directory Watch.
[[0;32m  OK  [0m] Found device /dev/ttyS0.
[[0;32m  OK  [0m] Listening on Load/Save RF Kill Switch Status /dev/rfkill Watch.
[[0;32m  OK  [0m] Started Monitoring of LVM2 mirrors,...ng dmeventd or progress polling.
[[0;32m  OK  [0m] Reached target Local File Systems (Pre).
[[0;32m  OK  [0m] Reached target Local File Systems.
         Starting Initial cloud-init job (pre-networking)...
         Starting LSB: AppArmor initialization...
         Starting Set console font and keymap...
         Starting Commit a transient machine-id on disk...
         Starting Create Volatile Files and Directories...
         Starting Tell Plymouth To Write Out Runtime Data...
[[0;32m  OK  [0m] Started Commit a transient machine-id on disk.
[[0;32m  OK  [0m] Started Create Volatile Files and Directories.
[[0;32m  OK  [0m] Started Tell Plymouth To Write Out Runtime Data.
         Starting Update UTMP about System Boot/Shutdown...
[[0;32m  OK  [0m] Started Update UTMP about System Boot/Shutdown.
[[0;32m  OK  [0m] Started Set console font and keymap.
[[0;32m  OK  [0m] Created slice system-getty.slice.
[    9.958284] cloud-init[617]: Cloud-init v. 19.4-33-gbb4131a2-0ubuntu1~16.04.1 running 'init-local' at Wed, 18 Mar 2020 16:53:08 +0000. Up 9.11 seconds.
[[0;32m  OK  [0m] Started LSB: AppArmor initialization.
[[0;32m  OK  [0m] Started Initial cloud-init job (pre-networking).
[[0;32m  OK  [0m] Reached target Network (Pre).
         Starting Raise network interfaces...
[[0;32m  OK  [0m] Started Raise network interfaces.
         Starting Initial cloud-init job (metadata service crawler)...
[[0;32m  OK  [0m] Reached target Network.
[   11.850698] cloud-init[963]: Cloud-init v. 19.4-33-gbb4131a2-0ubuntu1~16.04.1 running 'init' at Wed, 18 Mar 2020 16:53:10 +0000. Up 10.88 seconds.
[   11.852156] cloud-init[963]: ci-info: +++++++++++++++++++++++++++++++++++++Net device info++++++++++++++++++++++++++++++++++++++
[   11.853574] cloud-init[963]: ci-info: +--------+------+---------------------------+---------------+--------+-------------------+
[   11.854946] cloud-init[963]: ci-info: | Device |  Up  |          Address          |      Mask     | Scope  |     Hw-Address    |
[   11.856332] cloud-init[963]: ci-info: +--------+------+---------------------------+---------------+--------+-------------------+
[   11.857647] cloud-init[963]: ci-info: | enp0s3 | True |         10.0.2.15         | 255.255.255.0 | global | 02:8b:bd:82:0d:ad |
[   11.859052] cloud-init[963]: ci-info: | enp0s3 | True | fe80::8b:bdff:fe82:dad/64 |       .       |  link  | 02:8b:bd:82:0d:ad |
[   11.860672] cloud-init[963]: ci-info: |   lo   | True |         127.0.0.1         |   255.0.0.0   |  host  |         .         |
[   11.862186] cloud-init[963]: ci-info: |   lo   | True |          ::1/128          |       .       |  host  |         .         |
[   11.873016] cloud-init[963]: ci-info: +--------+------+---------------------------+---------------+--------+-------------------+
[   11.881697] cloud-init[963]: ci-info: +++++++++++++++++++++++++++Route IPv4 info++++++++++++++++++++++++++++
[   11.882923] cloud-init[963]: ci-info: +-------+-------------+----------+---------------+-----------+-------+
[   11.884046] cloud-init[963]: ci-info: | Route | Destination | Gateway  |    Genmask    | Interface | Flags |
[   11.885253] cloud-init[963]: ci-info: +-------+-------------+----------+---------------+-----------+-------+
[   11.886475] cloud-init[963]: ci-info: |   0   |   0.0.0.0   | 10.0.2.2 |    0.0.0.0    |   enp0s3  |   UG  |
[   11.887662] cloud-init[963]: ci-info: |   1   |   10.0.2.0  | 0.0.0.0  | 255.255.255.0 |   enp0s3  |   U   |
[   11.888868] cloud-init[963]: ci-info: +-------+-------------+----------+---------------+-----------+-------+
[   11.890015] cloud-init[963]: ci-info: +++++++++++++++++++Route IPv6 info+++++++++++++++++++
[   11.896835] cloud-init[963]: ci-info: +-------+-------------+---------+-----------+-------+
[   11.904643] cloud-init[963]: ci-info: | Route | Destination | Gateway | Interface | Flags |
[   11.912535] cloud-init[963]: ci-info: +-------+-------------+---------+-----------+-------+
[   11.913938] cloud-init[963]: ci-info: |   0   |  fe80::/64  |    ::   |   enp0s3  |   U   |
[   11.922825] [cloud-init[0;32m  OK  [0m[963]: ] ci-info: |   3   |   ff00::/8  |    ::   |   enp0s3  |   U   |Started Initial cloud-init job (metadata service crawler).

[   11.923117] cloud-init[963]: ci-info: +-------+-------------+---------+-----------+-------+
[   11.944511] [cloud-init[0;32m  OK  [0m[963]: ] Generating public/private rsa key pair.Reached target Network is Online.

[   11.944721] cloud-init[963]: Your identification has been saved in /etc/ssh/ssh_host_rsa_key.
[   11.946904] cloud-init[963]: Your public key has been saved in /etc/ssh/ssh_host_rsa_key.pub.
[   11.947989] cloud-init[963]: The key fingerprint is:
         [   11.961197] Starting iSCSI initiator daemon (iscsid)...cloud-init
[963]: SHA256:crjbsXTOBiFUENN5NyDJKCpcMh1B6gELwAcDS4UUoWo root@ubuntu-xenial
[   11.968618] [cloud-init[0;32m  OK  [0m[963]: ] The key's randomart image is:Reached target System Initialization.

[[   11.968883] [0;32m  OK  [0mcloud-init] [963]: Listening on UUID daemon activation socket.+---[RSA 2048]----+

[   11.977088]          cloud-initStarting LXD - unix socket.[963]: 
|XBO=o +Boo..     |
[   11.978062] [cloud-init[0;32m  OK  [0m[963]: ] |=Bo+. o.=.. o    |Started Daily Cleanup of Temporary Directories.

[   11.978312] [cloud-init[0;32m  OK  [0m[963]: ] |=o=. o   . . .   |Started Message of the Day.

[   11.985250] cloud-init[963]: |+.o   ...        |
[   11.992929] [cloud-init[0;32m  OK  [0m[963]: ] |.E    o.S.       |Started ACPI Events Check.

[   11.993189] [cloud-init[0;32m  OK  [0m[963]: ] |.      +.        |Reached target Paths.

[[   11.994125] [0;32m  OK  [0mcloud-init] [963]: Listening on ACPID Listen Socket.|      . o..      |

[   12.008656] [cloud-init[0;32m  OK  [0m[963]: ] |       + *.      |Started Daily apt download activities.

[   12.009233] [cloud-init[0;32m  OK  [0m[963]: ] |      . o.o      |Listening on D-Bus System Message Bus Socket.

[[   12.011724] [0;32m  OK  [0mcloud-init] [963]: Started Daily apt upgrade and clean activities.+----[SHA256]-----+

[   12.023281] [cloud-init[0;32m  OK  [0m[963]: ] Generating public/private dsa key pair.Reached target Timers.

         [   12.023916] Starting Socket activation for snappy daemon.cloud-init
[963]: Your identification has been saved in /etc/ssh/ssh_host_dsa_key.
[   12.041122] [cloud-init[0;32m  OK  [0m[963]: ] Your public key has been saved in /etc/ssh/ssh_host_dsa_key.pub.Reached target Cloud-config availability.

[   12.041721] cloud-init[963]: The key fingerprint is:
[   12.045799] cloud-init[963]: SHA256:B2OHi8Azm/J0PKZyKA3HXzNYoOk2IS8aY3t5xCk+cHw root@ubuntu-xenial
[   12.047988] cloud-init[963]: The key's randomart image is:
[[0;32m  OK  [0m] Listening on LXD - unix socket.
[   12.061241] cloud-init[963]: +---[DSA 1024]----+
[[0;32m  OK  [0m] [   12.062326] Listening on Socket activation for snappy daemon.cloud-init
[963]: |    .            |
[[   12.065165] [0;32m  OK  [0mcloud-init] [963]: Reached target Sockets.|   + .   .       |

[   12.068305] [cloud-init[0;32m  OK  [0m[963]: ] |. + = . = .      |Reached target Basic System.

[   12.069081] cloud-init[963]: | =...X.o =       |
[   12.076807]          cloud-initStarting Pollinate to seed the pseudo random number generator...[963]: 
|=oO+=EX S .      |
[   12.079215] cloud-init[963]: |oO=B== + .       |
[   12.082894]          cloud-initStarting LSB: Record successful boot for GRUB...[963]: 
|o.+==.           |
         Starting LXD - container startup/shutdown...
[   12.095577] cloud-init[963]: | ..oo            |
[   12.108441]          cloud-initStarting System Logging Service...[963]: 
|                 |
[   12.109155] [cloud-init[0;32m  OK  [0m[963]: ] +----[SHA256]-----+Started Deferred execution scheduler.

[   12.109366] cloud-init[963]: Generating public/private ecdsa key pair.
[   12.110810] cloud-init[963]: Your identification has been saved in /etc/ssh/ssh_host_ecdsa_key.
         Starting Snappy daemon...
[   12.111804] cloud-init[963]: Your public key has been saved in /etc/ssh/ssh_host_ecdsa_key.pub.
[   12.124341]          cloud-initStarting /etc/rc.local Compatibility...[963]: 
The key fingerprint is:
[   12.125100] cloud-init[963]: SHA256:UFhUhSNTm2izsGJ31zxozgH1lsmR5uglcm4fH3PtI/g root@ubuntu-xenial
[   12.125866] cloud-init[963]: The key's randomart image is:
[   12.132245] [cloud-init[0;32m  OK  [0m[963]: ] +---[ECDSA 256]---+Started ACPI event daemon.

[   12.144537]          cloud-initStarting LSB: MD monitoring daemon...[963]: 
|       ++o+oo.   |
[   12.152806]          cloud-initStarting Accounts Service...[963]: 
|      ..ooo=o+   |
[   12.153644]          cloud-initStarting Virtualbox guest utils...[963]: 
|      o =oo=*    |
[   12.154649] cloud-init[963]: |       =.++=o    |
[[0;32m  OK  [0m] Started Regular background program processing daemon.
[   12.164215] cloud-init[963]: |    o o S==o+   .|
[   12.172197] [cloud-init[0;32m  OK  [0m[963]: ] |   . o . =+...o o|Started FUSE filesystem for LXC.

[   12.172471] cloud-init[963]: |         .o..o = |
[   12.182061] [cloud-init[0;32m  OK  [0m[963]: ] |           ......|Started D-Bus System Message Bus.

[   12.182285] cloud-init[963]: |            .E. .|
[   12.196527] cloud-init[963]: +----[SHA256]-----+
[   12.208233] cloud-init[963]: Generating public/private ed25519 key pair.
[   12.209415] cloud-init[963]: Your identification has been saved in /etc/ssh/ssh_host_ed25519_key.
[   12.210225] cloud-init[963]: Your public key has been saved in /etc/ssh/ssh_host_ed25519_key.pub.
[   12.211005] cloud-init[963]: The key fingerprint is:
[   12.220560] cloud-init[963]: SHA256:ZLwkbIyzcYXvevUkUqonBqEiYesmTVPnbwKFuI5ERWo root@ubuntu-xenial
[   12.221617] cloud-init[963]: The key's randomart image is:
[   12.222309] cloud-init[963]: +--[ED25519 256]--+
[   12.223143] cloud-init[963]: |  ..   ..        |
[   12.223762] cloud-init[963]: |  .. +.o         |
[   12.232635] cloud-init[963]: | E..+.*.=        |
[   12.233219] cloud-init[963]: |oo. +*o=...      |
[   12.233847] cloud-init[963]: |o..+.= .So       |
[   12.240535] cloud-init[963]: |oo= o . + o .    |
[   12.248337] cloud-init[963]: |+* . o + o +     |
[   12.256291] cloud-init[963]: |ooo   * =   .    |
[   12.257187] cloud-init[963]: |o    . *         |
[   12.257902] cloud-init[963]: +----[SHA256]-----+
         Starting Login Service...
[[0;32m  OK  [0m] Started System Logging Service.
[[0;32m  OK  [0m] Started iSCSI initiator daemon (iscsid).
[[0;32m  OK  [0m] Started /etc/rc.local Compatibility.
         Starting Authenticate and Authorize Users to Run Privileged Tasks...
         Starting Login to default iSCSI targets...
[[0;32m  OK  [0m] Started LSB: Record successful boot for GRUB.
[[0;32m  OK  [0m] Started LSB: MD monitoring daemon.
[[0;32m  OK  [0m] Started Login Service.
[[0;32m  OK  [0m] Started Unattended Upgrades Shutdown.
[[0;32m  OK  [0m] Started LXD - container startup/shutdown.
[[0;32m  OK  [0m] Started Login to default iSCSI targets.
[[0;32m  OK  [0m] Reached target Remote File Systems (Pre).
[[0;32m  OK  [0m] Reached target Remote File Systems.
         Starting LSB: daemon to balance interrupts for SMP systems...
         Starting LSB: automatic crash report generation...
         Starting LSB: Set the CPU Frequency Scaling governor to "ondemand"...
         Starting Permit User Sessions...
[[0;32m  OK  [0m] Started Virtualbox guest utils.
[[0;32m  OK  [0m] Started Permit User Sessions.
[[0;32m  OK  [0m] Started Authenticate and Authorize Users to Run Privileged Tasks.
[[0;32m  OK  [0m] Started Accounts Service.
         Starting Terminate Plymouth Boot Screen...
         Starting Hold until boot process finishes up...
[[0;32m  OK  [0m] Started LSB: daemon to balance interrupts for SMP systems.
[[0;32m  OK  [0m] Started LSB: Set the CPU Frequency Scaling governor to "ondemand".
[[0;32m  OK  [0m] Started Hold until boot process finishes up.
[[0;32m  OK  [0m] Started Terminate Plymouth Boot Screen.
[[0;32m  OK  [0m] Started Getty on tty1.
[[0;32m  OK  [0m] Started Serial Getty on ttyS0.
[[0;32m  OK  [0m] Reached target Login Prompts.
         Starting Set console scheme...
[[0;32m  OK  [0m] Started LSB: automatic crash report generation.
[[0;32m  OK  [0m] Started Set console scheme.
[[0;32m  OK  [0m] Started Snappy daemon.
         Starting Wait until snapd is fully seeded...
[[0;32m  OK  [0m] Started Wait until snapd is fully seeded.
         Starting Apply the settings specified in cloud-config...
[[0;32m  OK  [0m] Started Pollinate to seed the pseudo random number generator.
         Starting OpenBSD Secure Shell server...
[[0;32m  OK  [0m] Started OpenBSD Secure Shell server.
[[0;32m  OK  [0m] Reached target Multi-User System.
[[0;32m  OK  [0m] Reached target Graphical Interface.
         Starting Update UTMP about System Runlevel Changes...
[[0;32m  OK  [0m] Started Update UTMP about System Runlevel Changes.
[[0;32m  OK  [0m] Created slice User Slice of vagrant.
         Starting User Manager for UID 1000...
[   15.019149] cloud-init[1294]: Generating locales (this might take a while)...
[[0;32m  OK  [0m] Started Session 1 of user vagrant.
[[0;32m  OK  [0m] Started User Manager for UID 1000.
[   17.099823] cloud-init[1294]:   en_US.UTF-8... done
[   17.101083] cloud-init[1294]: Generation complete.
[   17.702509] cloud-init[1294]: Cloud-init v. 19.4-33-gbb4131a2-0ubuntu1~16.04.1 running 'modules:config' at Wed, 18 Mar 2020 16:53:14 +0000. Up 14.82 seconds.

Ubuntu 16.04.6 LTS ubuntu-xenial ttyS0

ubuntu-xenial login: ci-info: no authorized SSH keys fingerprints found for user ubuntu.
<14>Mar 18 16:53:18 ec2: 
<14>Mar 18 16:53:18 ec2: #############################################################
<14>Mar 18 16:53:18 ec2: -----BEGIN SSH HOST KEY FINGERPRINTS-----
<14>Mar 18 16:53:18 ec2: 1024 SHA256:B2OHi8Azm/J0PKZyKA3HXzNYoOk2IS8aY3t5xCk+cHw root@ubuntu-xenial (DSA)
<14>Mar 18 16:53:18 ec2: 256 SHA256:UFhUhSNTm2izsGJ31zxozgH1lsmR5uglcm4fH3PtI/g root@ubuntu-xenial (ECDSA)
<14>Mar 18 16:53:18 ec2: 256 SHA256:ZLwkbIyzcYXvevUkUqonBqEiYesmTVPnbwKFuI5ERWo root@ubuntu-xenial (ED25519)
<14>Mar 18 16:53:18 ec2: 2048 SHA256:crjbsXTOBiFUENN5NyDJKCpcMh1B6gELwAcDS4UUoWo root@ubuntu-xenial (RSA)
<14>Mar 18 16:53:18 ec2: -----END SSH HOST KEY FINGERPRINTS-----
<14>Mar 18 16:53:18 ec2: #############################################################
-----BEGIN SSH HOST KEY KEYS-----
ecdsa-sha2-nistp256 AAAAE2VjZHNhLXNoYTItbmlzdHAyNTYAAAAIbmlzdHAyNTYAAABBBMgS4fq4iGEyl2QRZQ5ymOV6x3sN0rRu7IlFmZMmitDHPInpXsSzmSZG1X/h+7caLTZ5ccVvg8xTyj76HNWPGg0= root@ubuntu-xenial
ssh-ed25519 AAAAC3NzaC1lZDI1NTE5AAAAIIdzJ087/e72k5KDF4/QswDOKNzvYI0zF0TX2PooLlJL root@ubuntu-xenial
ssh-rsa AAAAB3NzaC1yc2EAAAADAQABAAABAQCvsRYAeADXMgETBpCunLfgrEFqbRh1Hw8upUQhUakcKU+e1RwqwsBYDM+EHGH4YzSj9fckElV8O4wTNv0jbK+1765QgIk7RUps1WTDvc2K4w/vZuOV5n+xC9HncBkZAitI0GrLaTCw7wAKWHlXwAzFNnx9E4mJzlBlOJkxP5E6TzhIKYbZDRlxrVoXAl91ssGgjHvZ3xTIvsKJYOli3AkL9HaRT4i96Kd3XJBEOBMDrvapchlh83k28n9XSfKNMdCpE369tWPKt4JMF5smpn2H6kKQQCZ4FSRldChNxosRG1TZNceiYvexg/9psYuHI/BNKF3wnnAPTd1diAAQ3A1d root@ubuntu-xenial
-----END SSH HOST KEY KEYS-----
[   18.665256] cloud-init[1495]: Cloud-init v. 19.4-33-gbb4131a2-0ubuntu1~16.04.1 running 'modules:final' at Wed, 18 Mar 2020 16:53:17 +0000. Up 18.43 seconds.
[   18.665508] cloud-init[1495]: ci-info: no authorized SSH keys fingerprints found for user ubuntu.
[   18.665719] cloud-init[1495]: Cloud-init v. 19.4-33-gbb4131a2-0ubuntu1~16.04.1 finished at Wed, 18 Mar 2020 16:53:18 +0000. Datasource DataSourceNoCloud [seed=/dev/sdb][dsmode=net].  Up 18.65 seconds
